
=== Sat May 11 17:22:42 2024

Packages were changed.
Update Mode: mergeDefaultDependencies

The following packages were added:
  com.unity.ide.rider@3.0.28
  com.unity.ide.visualstudio@2.0.22
  com.unity.ide.vscode@1.2.5
  com.unity.modules.ai@1.0.0
  com.unity.modules.androidjni@1.0.0
  com.unity.modules.animation@1.0.0
  com.unity.modules.assetbundle@1.0.0
  com.unity.modules.audio@1.0.0
  com.unity.modules.cloth@1.0.0
  com.unity.modules.director@1.0.0
  com.unity.modules.imageconversion@1.0.0
  com.unity.modules.imgui@1.0.0
  com.unity.modules.jsonserialize@1.0.0
  com.unity.modules.particlesystem@1.0.0
  com.unity.modules.physics@1.0.0
  com.unity.modules.physics2d@1.0.0
  com.unity.modules.screencapture@1.0.0
  com.unity.modules.terrain@1.0.0
  com.unity.modules.terrainphysics@1.0.0
  com.unity.modules.tilemap@1.0.0
  com.unity.modules.ui@1.0.0
  com.unity.modules.uielements@1.0.0
  com.unity.modules.umbra@1.0.0
  com.unity.modules.unityanalytics@1.0.0
  com.unity.modules.unitywebrequest@1.0.0
  com.unity.modules.unitywebrequestassetbundle@1.0.0
  com.unity.modules.unitywebrequestaudio@1.0.0
  com.unity.modules.unitywebrequesttexture@1.0.0
  com.unity.modules.unitywebrequestwww@1.0.0
  com.unity.modules.vehicles@1.0.0
  com.unity.modules.video@1.0.0
  com.unity.modules.vr@1.0.0
  com.unity.modules.wind@1.0.0
  com.unity.modules.xr@1.0.0
  com.unity.test-framework@1.1.33
The following packages were updated:
  com.unity.collab-proxy from version 1.9.0 to 2.3.1
  com.unity.cinemachine from version 2.8.1 to 2.8.9
  com.unity.inputsystem from version 1.1.1 to 1.7.0
  com.unity.learn.iet-framework from version 2.1.1 to 3.1.1
  com.unity.render-pipelines.high-definition from version 12.1.6 to 12.1.14
  com.unity.timeline from version 1.6.2 to 1.6.5
  com.unity.visualscripting from version 1.7.6 to 1.9.2

=== Sat May 11 17:37:39 2024

Packages were changed.
Update Mode: updateDependencies

The following packages were updated:
  com.unity.inputsystem from version 1.4.4 to 1.7.0
  com.unity.render-pipelines.universal from version 12.1.6 to 12.1.14

=== Sat May 11 17:37:39 2024

Packages were changed.
Update Mode: mergeDefaultDependencies

The following packages were added:
  com.unity.render-pipelines.universal@12.1.14

=== Sat May 11 18:07:25 2024

Packages were changed.
Update Mode: updateDependencies

The following packages were 업데이트됨:
  com.unity.collab-proxy 1.17.2 버전에서 2.3.1버전으로  com.unity.ide.rider 3.0.15 버전에서 3.0.28버전으로  com.unity.ide.visualstudio 2.0.16 버전에서 2.0.22버전으로  com.unity.render-pipelines.high-definition 12.1.7 버전에서 12.1.14버전으로  com.unity.terrain-tools 4.0.3 버전에서 4.0.5버전으로  com.unity.timeline 1.6.4 버전에서 1.6.5버전으로  com.unity.visualscripting 1.7.8 버전에서 1.9.2버전으로
=== Sat May 11 18:07:26 2024

Packages were changed.
Update Mode: mergeDefaultDependencies

The following packages were 추가됨:
  com.unity.terrain-tools@4.0.5
  com.unity.modules.nvidia@1.0.0
The following packages were 업데이트됨:
  com.unity.cinemachine 2.8.9 버전에서 2.9.1버전으로
=== Sun May 12 14:05:51 2024

Packages were changed.
Update Mode: updateDependencies

The following packages were 업데이트됨:
  com.unity.postprocessing 3.2.2 버전에서 3.4.0버전으로
=== Sun May 12 14:05:51 2024

Packages were changed.
Update Mode: mergeDefaultDependencies

The following packages were 추가됨:
  com.unity.postprocessing@3.4.0

=== Thu May 16 16:27:07 2024

Packages were changed.
Update Mode: updateDependencies

The following packages were 업데이트됨:
  com.unity.textmeshpro 2.1.6 버전에서 3.0.6버전으로
=== Thu May 16 22:35:00 2024

Packages were changed.
Update Mode: updateDependencies

The following packages were 업데이트됨:
  com.unity.textmeshpro 2.1.6 버전에서 3.0.6버전으로
=== Sat May 25 19:25:29 2024

Packages were changed.
Update Mode: updateDependencies

The following packages were 업데이트됨:
  com.unity.ads 2.0.8 버전에서 4.4.2버전으로  com.unity.analytics 3.3.2 버전에서 3.6.12버전으로  com.unity.collab-proxy 1.2.16 버전에서 2.3.1버전으로  com.unity.purchasing 2.0.6 버전에서 4.9.3버전으로  com.unity.render-pipelines.high-definition 5.13.0-preview 버전에서 12.1.14버전으로  com.unity.textmeshpro 2.0.0 버전에서 3.0.6버전으로  com.unity.timeline 1.0.0 버전에서 1.6.5버전으로The following packages were 삭제됨:
  com.unity.package-manager-ui@2.1.2

=== Sat May 25 19:25:31 2024

Packages were changed.
Update Mode: mergeDefaultDependencies

The following packages were 추가됨:
  com.unity.ads@4.4.2
  com.unity.analytics@3.6.12
  com.unity.purchasing@4.9.3
